Launching lib\main.dart on Chrome in debug mode...
Waiting for connection from debug service on Chrome...             38.5s

Flutter run key commands.
r Hot reload. 
R Hot restart.
h List all available interactive commands.
d Detach (terminate "flutter run" but leave application running).
c Clear the screen
q Quit (terminate the application on the device).

Debug service listening on ws://127.0.0.1:64014/lGSL7klZs74=/ws
A Dart VM Service on Chrome is available at: http://127.0.0.1:64014/lGSL7klZs74=
The Flutter DevTools debugger and profiler on Chrome is available at: http://127.0.0.1:64014/lGSL7klZs74=/devtools/?uri=ws://127.0.0.1:64014/lGSL7klZs74=/ws
Starting application from main method in: org-dartlang-app:/web_entrypoint.dart.
Found an existing <meta name="viewport"> tag. Flutter Web uses its own viewport configuration for better compatibility with Flutter. This tag will be replaced.
[38;5;12m┌───────────────────────────────────────────────────────────────────────────────────────────────────────────────────────[0m
[38;5;12m│ 💡 [1m[3mflutter_map[0m[0m
[38;5;12m│ 💡 Consider installing the official 'flutter_map_cancellable_tile_provider' plugin for improved[0m
[38;5;12m│ 💡 performance on the web.[0m
[38;5;12m│ 💡 See https://pub.dev/packages/flutter_map_cancellable_tile_provider for more info.[0m
[38;5;12m└───────────────────────────────────────────────────────────────────────────────────────────────────────────────────────[0m
